
> client@0.1.0 build
> next build

node.exe : ΓÜá Warning: Next.js inferred your workspace root, but it may not 
be correct.
At C:\Program Files\nodejs\npm.ps1:29 char:3
+   & $NODE_EXE $NPM_CLI_JS $args
+   ~~~~~~~~~~~~~~~~~~~~~~~~~~~~~
    + CategoryInfo          : NotSpecified: (ΓÜá Warning: Ne...not be correct. 
   :String) [], RemoteException
    + FullyQualifiedErrorId : NativeCommandError
 
 We detected multiple lockfiles and selected the directory of 
C:\Users\srich\package-lock.json as the root directory.
 To silence this warning, set `turbopack.root` in your Next.js config, or 
consider removing one of the lockfiles if it's not needed.
   See https://nextjs.org/docs/app/api-reference/config/next-config-js/turbopac
k#root-directory for more information.
 Detected additional lockfiles: 
   * C:\Users\srich\Desktop\genzstore\client\package-lock.json

Γû▓ Next.js 16.2.2 (Turbopack)
- Environments: .env.local

  Creating an optimized production build ...
Γ£ô Compiled successfully in 10.5s
  Running TypeScript ...
  Finished TypeScript in 6.5s ...
  Collecting page data using 11 workers ...
  Generating static pages using 11 workers (0/25) ...
  Generating static pages using 11 workers (6/25) 
  Generating static pages using 11 workers (12/25) 
  Generating static pages using 11 workers (18/25) 
Γ£ô Generating static pages using 11 workers (25/25) in 1112ms
  Finalizing page optimization ...

Route (app)                  Revalidate  Expire
Γöî Γùï /                                5m      1y
Γö£ Γùï /_not-found
Γö£ Γùï /about
Γö£ Γùï /account
Γö£ Γùï /admin
Γö£ ╞Æ /api/auth/[...nextauth]
Γö£ ╞Æ /api/orders
Γö£ Γùï /auth/login
Γö£ Γùï /auth/signup
Γö£ Γùï /auth/verify
Γö£ Γùï /careers
Γö£ Γùï /cart
Γö£ Γùï /checkout
Γö£ Γùï /contact
Γö£ Γùï /faq
Γö£ Γùï /privacy
Γö£ ╞Æ /products
Γö£ ΓùÅ /products/[slug]
Γö£ Γùï /returns
Γö£ Γùï /robots.txt
Γö£ Γùï /shipping
Γö£ Γùï /sitemap.xml
Γö£ Γùï /size-guide
Γö£ Γùï /terms
Γöö Γùï /wishlist


╞Æ Proxy (Middleware)

Γùï  (Static)   prerendered as static content
ΓùÅ  (SSG)      prerendered as static HTML (uses generateStaticParams)
╞Æ  (Dynamic)  server-rendered on demand

